******************************************************************************
                  TI ARM Linker PC v20.2.7                     
******************************************************************************
>> Linked Mon Dec 11 20:21:07 2023

OUTPUT FILE NAME:   <Porch Light Sensor.out>
ENTRY POINT SYMBOL: "_c_int00_noargs"  address: 000009ad


MEMORY CONFIGURATION

         name            origin    length      used     unused   attr    fill
----------------------  --------  ---------  --------  --------  ----  --------
  FLASH                 00000000   00040000  00000c20  0003f3e0  R  X
  SRAM                  20000000   00008000  0000046e  00007b92  RW X


SEGMENT ALLOCATION MAP

run origin  load origin   length   init length attrs members
----------  ----------- ---------- ----------- ----- -------
00000000    00000000    00000c20   00000c20    r-x
  00000000    00000000    0000026c   0000026c    r-- .intvecs
  0000026c    0000026c    00000864   00000864    r-x .text
  00000ad0    00000ad0    00000120   00000120    r-- .const
  00000bf0    00000bf0    00000030   00000030    r-- .cinit
20000000    20000000    00000470   00000000    rw-
  20000000    20000000    0000026c   00000000    rw- .vtable
  2000026c    2000026c    00000002   00000000    rw- .data
  20000270    20000270    00000200   00000000    rw- .stack


SECTION ALLOCATION MAP

 output                                  attributes/
section   page    origin      length       input sections
--------  ----  ----------  ----------   ----------------
.intvecs   0    00000000    0000026c     
                  00000000    0000026c     tm4c123gh6pm_startup_ccs.obj (.intvecs)

.text      0    0000026c    00000864     
                  0000026c    0000016c     driverlib.lib : gpio.obj (.text:GPIOPadConfigSet)
                  000003d8    00000118                   : sysctl.obj (.text:SysCtlClockGet)
                  000004f0    00000104     main.obj (.text)
                  000005f4    000000f4     driverlib.lib : sysctl.obj (.text:SysCtlClockSet)
                  000006e8    0000009c     rtsv7M4_T_le_v4SPD16_eabi.lib : memcpy_t2.asm.obj (.text)
                  00000784    00000068     driverlib.lib : interrupt.obj (.text:IntEnable)
                  000007ec    00000068     rtsv7M4_T_le_v4SPD16_eabi.lib : copy_decompress_lzss.c.obj (.text:decompress:lzss:__TI_decompress_lzss)
                  00000854    00000060     driverlib.lib : timer.obj (.text:TimerConfigure)
                  000008b4    0000004c                   : timer.obj (.text:_TimerIntNumberGet)
                  00000900    00000044     rtsv7M4_T_le_v4SPD16_eabi.lib : autoinit.c.obj (.text:__TI_auto_init_nobinit_nopinit:__TI_auto_init_nobinit_nopinit)
                  00000944    00000034     driverlib.lib : interrupt.obj (.text:IntRegister)
                  00000978    00000034                   : sysctl.obj (.text:SysCtlPeripheralEnable)
                  000009ac    00000034     rtsv7M4_T_le_v4SPD16_eabi.lib : boot_cortex_m.c.obj (.text:_c_int00_noargs:_c_int00_noargs)
                  000009e0    0000002c     driverlib.lib : gpio.obj (.text:GPIODirModeSet)
                  00000a0c    0000001c     rtsv7M4_T_le_v4SPD16_eabi.lib : copy_zero_init.c.obj (.text:decompress:ZI:__TI_zero_init_nomemset:__TI_zero_init_nomemset)
                  00000a28    0000001a     driverlib.lib : gpio.obj (.text:GPIOPinTypeGPIOOutput)
                  00000a42    00000018                   : timer.obj (.text:TimerIntRegister)
                  00000a5a    00000016                   : gpio.obj (.text:GPIOPinTypeGPIOInput)
                  00000a70    00000012                   : timer.obj (.text:TimerLoadSet)
                  00000a82    0000000e                   : timer.obj (.text:TimerEnable)
                  00000a90    0000000e     rtsv7M4_T_le_v4SPD16_eabi.lib : copy_decompress_none.c.obj (.text:decompress:none:__TI_decompress_none)
                  00000a9e    0000000c     tm4c123gh6pm_startup_ccs.obj (.text)
                  00000aaa    00000008     driverlib.lib : timer.obj (.text:TimerIntEnable)
                  00000ab2    00000006                   : gpio.obj (.text:GPIOPinRead)
                  00000ab8    00000006                   : gpio.obj (.text:GPIOPinWrite)
                  00000abe    00000006                   : sysctl.obj (.text:SysCtlDelay)
                  00000ac4    00000004                   : timer.obj (.text:TimerIntClear)
                  00000ac8    00000004     rtsv7M4_T_le_v4SPD16_eabi.lib : pre_init.c.obj (.text:_system_pre_init)
                  00000acc    00000004                                   : exit.c.obj (.text:abort:abort)

.const     0    00000ad0    00000120     
                  00000ad0    0000006c     driverlib.lib : sysctl.obj (.const:g_pui32Xtals)
                  00000b3c    00000060                   : timer.obj (.const:g_ppui32TimerIntMap)
                  00000b9c    00000040                   : timer.obj (.const:g_ppui32TimerIntMapSnowflake)
                  00000bdc    00000014                   : interrupt.obj (.const:g_pui32EnRegs)

.cinit     0    00000bf0    00000030     
                  00000bf0    0000000c     (__TI_handler_table)
                  00000bfc    00000004     --HOLE-- [fill = 0]
                  00000c00    00000008     (.cinit..vtable.load) [load image, compression = zero_init]
                  00000c08    00000006     (.cinit..data.load) [load image, compression = lzss]
                  00000c0e    00000002     --HOLE-- [fill = 0]
                  00000c10    00000010     (__TI_cinit_table)

.init_array 
*          0    00000000    00000000     UNINITIALIZED

.vtable    0    20000000    0000026c     UNINITIALIZED
                  20000000    0000026c     driverlib.lib : interrupt.obj (.vtable)

.data      0    2000026c    00000002     UNINITIALIZED
                  2000026c    00000002     main.obj (.data)

.stack     0    20000270    00000200     UNINITIALIZED
                  20000270    00000004     rtsv7M4_T_le_v4SPD16_eabi.lib : boot_cortex_m.c.obj (.stack)
                  20000274    000001fc     --HOLE--

__llvm_prf_cnts 
*          0    20000000    00000000     UNINITIALIZED

MODULE SUMMARY

       Module                         code   ro data   rw data
       ------                         ----   -------   -------
    .\
       tm4c123gh6pm_startup_ccs.obj   12     620       0      
       main.obj                       260    0         2      
    +--+------------------------------+------+---------+---------+
       Total:                         272    620       2      
                                                              
    C:\ti\ccs1240\ccs\tools\compiler\ti-cgt-arm_20.2.7.LTS\lib\rtsv7M4_T_le_v4SPD16_eabi.lib
       memcpy_t2.asm.obj              156    0         0      
       copy_decompress_lzss.c.obj     104    0         0      
       autoinit.c.obj                 68     0         0      
       boot_cortex_m.c.obj            52     0         0      
       copy_zero_init.c.obj           28     0         0      
       copy_decompress_none.c.obj     14     0         0      
       exit.c.obj                     4      0         0      
       pre_init.c.obj                 4      0         0      
    +--+------------------------------+------+---------+---------+
       Total:                         430    0         0      
                                                              
    D:/ti/TexasInstruments/TivaWare_C_Series-2.2.0.295/driverlib/ccs/Debug/driverlib.lib
       interrupt.obj                  156    20        620    
       sysctl.obj                     582    108       0      
       gpio.obj                       468    0         0      
       timer.obj                      240    160       0      
    +--+------------------------------+------+---------+---------+
       Total:                         1446   288       620    
                                                              
       Stack:                         0      0         512    
       Linker Generated:              0      42        0      
    +--+------------------------------+------+---------+---------+
       Grand Total:                   2148   950       1134   


LINKER GENERATED COPY TABLES

__TI_cinit_table @ 00000c10 records: 2, size/record: 8, table size: 16
	.vtable: load addr=00000c00, load size=00000008 bytes, run addr=20000000, run size=0000026c bytes, compression=zero_init
	.data: load addr=00000c08, load size=00000006 bytes, run addr=2000026c, run size=00000002 bytes, compression=lzss


LINKER GENERATED HANDLER TABLE

__TI_handler_table @ 00000bf0 records: 3, size/record: 4, table size: 12
	index: 0, handler: __TI_zero_init
	index: 1, handler: __TI_decompress_lzss
	index: 2, handler: __TI_decompress_none


GLOBAL SYMBOLS: SORTED ALPHABETICALLY BY Name 

address   name                          
-------   ----                          
00000acd  C$$EXIT                       
000009e1  GPIODirModeSet                
0000026d  GPIOPadConfigSet              
00000ab3  GPIOPinRead                   
00000a5b  GPIOPinTypeGPIOInput          
00000a29  GPIOPinTypeGPIOOutput         
00000ab9  GPIOPinWrite                  
00000785  IntEnable                     
00000945  IntRegister                   
00000a9f  ResetISR                      
000003d9  SysCtlClockGet                
000005f5  SysCtlClockSet                
00000abf  SysCtlDelay                   
00000979  SysCtlPeripheralEnable        
000004f1  Timer0AIntHandler             
00000855  TimerConfigure                
00000a83  TimerEnable                   
00000ac5  TimerIntClear                 
00000aab  TimerIntEnable                
00000a43  TimerIntRegister              
00000a71  TimerLoadSet                  
UNDEFED   UARTStdioConfig               
20000470  __STACK_END                   
00000200  __STACK_SIZE                  
20000470  __STACK_TOP                   
00000c10  __TI_CINIT_Base               
00000c20  __TI_CINIT_Limit              
00000bf0  __TI_Handler_Table_Base       
00000bfc  __TI_Handler_Table_Limit      
00000901  __TI_auto_init_nobinit_nopinit
000007ed  __TI_decompress_lzss          
00000a91  __TI_decompress_none          
ffffffff  __TI_pprof_out_hndl           
ffffffff  __TI_prof_data_size           
ffffffff  __TI_prof_data_start          
00000000  __TI_static_base__            
00000a0d  __TI_zero_init_nomemset       
000006e9  __aeabi_memcpy                
000006e9  __aeabi_memcpy4               
000006e9  __aeabi_memcpy8               
ffffffff  __binit__                     
ffffffff  __c_args__                    
UNDEFED   __mpu_init                    
20000270  __stack                       
20000000  __start___llvm_prf_cnts       
20000000  __stop___llvm_prf_cnts        
000009ad  _c_int00_noargs               
UNDEFED   _system_post_cinit            
00000ac9  _system_pre_init              
00000acd  abort                         
ffffffff  binit                         
20000000  g_pfnRAMVectors               
00000000  g_pfnVectors                  
00000513  main                          
2000026d  manualOverride                
000006e9  memcpy                        
2000026c  motionDetected                


GLOBAL SYMBOLS: SORTED BY Symbol Address 

address   name                          
-------   ----                          
00000000  __TI_static_base__            
00000000  g_pfnVectors                  
00000200  __STACK_SIZE                  
0000026d  GPIOPadConfigSet              
000003d9  SysCtlClockGet                
000004f1  Timer0AIntHandler             
00000513  main                          
000005f5  SysCtlClockSet                
000006e9  __aeabi_memcpy                
000006e9  __aeabi_memcpy4               
000006e9  __aeabi_memcpy8               
000006e9  memcpy                        
00000785  IntEnable                     
000007ed  __TI_decompress_lzss          
00000855  TimerConfigure                
00000901  __TI_auto_init_nobinit_nopinit
00000945  IntRegister                   
00000979  SysCtlPeripheralEnable        
000009ad  _c_int00_noargs               
000009e1  GPIODirModeSet                
00000a0d  __TI_zero_init_nomemset       
00000a29  GPIOPinTypeGPIOOutput         
00000a43  TimerIntRegister              
00000a5b  GPIOPinTypeGPIOInput          
00000a71  TimerLoadSet                  
00000a83  TimerEnable                   
00000a91  __TI_decompress_none          
00000a9f  ResetISR                      
00000aab  TimerIntEnable                
00000ab3  GPIOPinRead                   
00000ab9  GPIOPinWrite                  
00000abf  SysCtlDelay                   
00000ac5  TimerIntClear                 
00000ac9  _system_pre_init              
00000acd  C$$EXIT                       
00000acd  abort                         
00000bf0  __TI_Handler_Table_Base       
00000bfc  __TI_Handler_Table_Limit      
00000c10  __TI_CINIT_Base               
00000c20  __TI_CINIT_Limit              
20000000  __start___llvm_prf_cnts       
20000000  __stop___llvm_prf_cnts        
20000000  g_pfnRAMVectors               
2000026c  motionDetected                
2000026d  manualOverride                
20000270  __stack                       
20000470  __STACK_END                   
20000470  __STACK_TOP                   
ffffffff  __TI_pprof_out_hndl           
ffffffff  __TI_prof_data_size           
ffffffff  __TI_prof_data_start          
ffffffff  __binit__                     
ffffffff  __c_args__                    
ffffffff  binit                         
UNDEFED   UARTStdioConfig               
UNDEFED   __mpu_init                    
UNDEFED   _system_post_cinit            

[57 symbols]
